0 verbose cli /opt/homebrew/Cellar/node/25.9.0_1/bin/node /opt/homebrew/bin/npm
1 info using npm@11.12.1
2 info using node@v25.9.0
3 silly config load:file:/opt/homebrew/lib/node_modules/npm/npmrc
4 silly config load:file:/Users/brainiac/Documents/DEVSS2026/ecofast/.npmrc
5 silly config load:file:/Users/brainiac/.npmrc
6 silly config load:file:/opt/homebrew/etc/npmrc
7 verbose title npm install
8 verbose argv "install" "--package-lock-only" "--no-audit" "--no-fund" "--cache" "./.npm_cache"
9 verbose logfile logs-max:10 dir:/Users/brainiac/Documents/DEVSS2026/ecofast/.npm_cache/_logs/2026-04-17T21_15_19_898Z-
10 verbose logfile /Users/brainiac/Documents/DEVSS2026/ecofast/.npm_cache/_logs/2026-04-17T21_15_19_898Z-debug-0.log
11 silly logfile done cleaning log files
12 silly packumentCache heap:4496293888 maxSize:1124073472 maxEntrySize:562036736
13 silly idealTree buildDeps
14 verbose cwd /Users/brainiac/Documents/DEVSS2026/ecofast
15 verbose os Darwin 25.4.0
16 verbose node v25.9.0
17 verbose npm  v11.12.1
18 verbose exit 0
19 info ok
